  Determining projects to restore...
  All projects are up-to-date for restore.
  Vjezba.Model -> /Users/jelenaknezovic/ASP/Vjezba.Model/bin/Debug/net10.0/Vjezba.Model.dll

Build succeeded.
    0 Warning(s)
    0 Error(s)

Time Elapsed 00:00:01.16
